// Jest Snapshot v1, https://goo.gl/fbAQLP

exports[`Calendar App Given I open the calendar And I am on February, 2021 Then I should see the complete calendar 1`] = `
<header>
  <div
    class="sc-crrsfI VqvmA"
  >
    <button
      class="sc-dQppl cFOmbd"
      title="Previous Month"
    >
      <svg>
        navigate_before.svg
      </svg>
    </button>
    <h1>
      February, 2021
    </h1>
    <button
      class="sc-dQppl cFOmbd"
      title="Next Month"
    >
      <svg>
        navigate_next.svg
      </svg>
    </button>
  </div>
  <div
    class="sc-kEjbxe ceTEMk"
  >
    <h2
      class="sc-iqHYGH UjLSq"
    >
      Sunday
    </h2>
    <h2
      class="sc-iqHYGH UjLSq"
    >
      Monday
    </h2>
    <h2
      class="sc-iqHYGH UjLSq"
    >
      Tuesday
    </h2>
    <h2
      class="sc-iqHYGH UjLSq"
    >
      Wednesday
    </h2>
    <h2
      class="sc-iqHYGH UjLSq"
    >
      Thursday
    </h2>
    <h2
      class="sc-iqHYGH UjLSq"
    >
      Friday
    </h2>
    <h2
      class="sc-iqHYGH UjLSq"
    >
      Saturday
    </h2>
  </div>
</header>
`;
